Archive member included because of file (symbol)

c:/winavr-20100110/bin/../lib/gcc/avr/4.3.3/avrxmega7\libgcc.a(_mulsi3.o)
                              main.o (__mulsi3)
c:/winavr-20100110/bin/../lib/gcc/avr/4.3.3/avrxmega7\libgcc.a(_udivmodhi4.o)
                              main.o (__udivmodhi4)
c:/winavr-20100110/bin/../lib/gcc/avr/4.3.3/avrxmega7\libgcc.a(_divmodhi4.o)
                              main.o (__divmodhi4)
c:/winavr-20100110/bin/../lib/gcc/avr/4.3.3/avrxmega7\libgcc.a(_udivmodsi4.o)
                              main.o (__udivmodsi4)
c:/winavr-20100110/bin/../lib/gcc/avr/4.3.3/avrxmega7\libgcc.a(_divmodsi4.o)
                              main.o (__divmodsi4)
c:/winavr-20100110/bin/../lib/gcc/avr/4.3.3/avrxmega7\libgcc.a(_prologue.o)
                              main.o (__prologue_saves__)
c:/winavr-20100110/bin/../lib/gcc/avr/4.3.3/avrxmega7\libgcc.a(_epilogue.o)
                              main.o (__epilogue_restores__)
c:/winavr-20100110/bin/../lib/gcc/avr/4.3.3/avrxmega7\libgcc.a(_exit.o)
                              c:/winavr-20100110/bin/../lib/gcc/avr/4.3.3/../../../../avr/lib/avrxmega7/crtx128a1.o (exit)
c:/winavr-20100110/bin/../lib/gcc/avr/4.3.3/avrxmega7\libgcc.a(_tablejump.o)
                              main.o (__tablejump2__)
c:/winavr-20100110/bin/../lib/gcc/avr/4.3.3/avrxmega7\libgcc.a(_clear_bss.o)
                              main.o (__do_clear_bss)
c:/winavr-20100110/bin/../lib/gcc/avr/4.3.3/../../../../avr/lib/avrxmega7\libc.a(malloc.o)
                              uart.o (malloc)
c:/winavr-20100110/bin/../lib/gcc/avr/4.3.3/../../../../avr/lib/avrxmega7\libc.a(strtoul.o)
                              utils.o (strtoul)
c:/winavr-20100110/bin/../lib/gcc/avr/4.3.3/../../../../avr/lib/avrxmega7\libc.a(isspace.o)
                              c:/winavr-20100110/bin/../lib/gcc/avr/4.3.3/../../../../avr/lib/avrxmega7\libc.a(strtoul.o) (isspace)
c:/winavr-20100110/bin/../lib/gcc/avr/4.3.3/../../../../avr/lib/avrxmega7\libc.a(sprintf.o)
                              main.o (sprintf)
c:/winavr-20100110/bin/../lib/gcc/avr/4.3.3/../../../../avr/lib/avrxmega7\libc.a(vfprintf_std.o)
                              c:/winavr-20100110/bin/../lib/gcc/avr/4.3.3/../../../../avr/lib/avrxmega7\libc.a(sprintf.o) (vfprintf)
c:/winavr-20100110/bin/../lib/gcc/avr/4.3.3/../../../../avr/lib/avrxmega7\libc.a(eerd_byte_atxmega128a1.o)
                              main.o (__eerd_byte_x128a1)
c:/winavr-20100110/bin/../lib/gcc/avr/4.3.3/../../../../avr/lib/avrxmega7\libc.a(eewr_byte_atxmega128a1.o)
                              main.o (__eewr_byte_x128a1)
c:/winavr-20100110/bin/../lib/gcc/avr/4.3.3/../../../../avr/lib/avrxmega7\libc.a(errno.o)
                              c:/winavr-20100110/bin/../lib/gcc/avr/4.3.3/../../../../avr/lib/avrxmega7\libc.a(strtoul.o) (errno)
c:/winavr-20100110/bin/../lib/gcc/avr/4.3.3/../../../../avr/lib/avrxmega7\libc.a(cty_isfalse.o)
                              c:/winavr-20100110/bin/../lib/gcc/avr/4.3.3/../../../../avr/lib/avrxmega7\libc.a(isspace.o) (__ctype_isfalse)
c:/winavr-20100110/bin/../lib/gcc/avr/4.3.3/../../../../avr/lib/avrxmega7\libc.a(strnlen_P.o)
                              c:/winavr-20100110/bin/../lib/gcc/avr/4.3.3/../../../../avr/lib/avrxmega7\libc.a(vfprintf_std.o) (strnlen_P)
c:/winavr-20100110/bin/../lib/gcc/avr/4.3.3/../../../../avr/lib/avrxmega7\libc.a(strnlen.o)
                              c:/winavr-20100110/bin/../lib/gcc/avr/4.3.3/../../../../avr/lib/avrxmega7\libc.a(vfprintf_std.o) (strnlen)
c:/winavr-20100110/bin/../lib/gcc/avr/4.3.3/../../../../avr/lib/avrxmega7\libc.a(fputc.o)
                              c:/winavr-20100110/bin/../lib/gcc/avr/4.3.3/../../../../avr/lib/avrxmega7\libc.a(vfprintf_std.o) (fputc)
c:/winavr-20100110/bin/../lib/gcc/avr/4.3.3/../../../../avr/lib/avrxmega7\libc.a(ultoa_invert.o)
                              c:/winavr-20100110/bin/../lib/gcc/avr/4.3.3/../../../../avr/lib/avrxmega7\libc.a(vfprintf_std.o) (__ultoa_invert)

Allocating common symbols
Common symbol       size              file

file2               0x1a              main.o
bias_x              0x2               main.o
twi4                0xf               main.o
y_num               0x2               main.o
p_handler_func      0xc               handler.o
errno               0x2               c:/winavr-20100110/bin/../lib/gcc/avr/4.3.3/../../../../avr/lib/avrxmega7\libc.a(errno.o)
row_compress        0x1               main.o
function_Y          0xc8              main.o
Y_pos_index         0x2               main.o
twi1                0xf               main.o
laserPattern        0x7d              main.o
mask                0x6               handler.o
X_pos_index         0x2               main.o
file3               0x1a              main.o
start_count         0x18              handler.o
__brkval            0x2               c:/winavr-20100110/bin/../lib/gcc/avr/4.3.3/../../../../avr/lib/avrxmega7\libc.a(malloc.o)
twi3                0xf               main.o
gs_value            0x1               main.o
chMap               0x81              main.o
x_mode              0x1               main.o
bytes_per_panel_frame
                    0x1               main.o
index_x             0x2               main.o
gain_y              0x2               main.o
start_block         0x4               main.o
file5               0x1a              main.o
count               0x18              handler.o
file6               0x1a              main.o
y_mode              0x1               main.o
gain_x              0x2               main.o
file4               0x1a              main.o
x_num               0x2               main.o
function_X          0xc8              main.o
adrMap              0x81              main.o
index_y             0x2               main.o
file1               0x1a              main.o
__flp               0x2               c:/winavr-20100110/bin/../lib/gcc/avr/4.3.3/../../../../avr/lib/avrxmega7\libc.a(malloc.o)
twi2                0xf               main.o
ident_compress      0x1               main.o
fatfs               0x222             main.o
bias_y              0x2               main.o

Memory Configuration

Name             Origin             Length             Attributes
text             0x00000000         0x00100000         xr
data             0x00802000         0x0000ffa0         rw !x
eeprom           0x00810000         0x00010000         rw !x
fuse             0x00820000         0x00000400         rw !x
lock             0x00830000         0x00000400         rw !x
signature        0x00840000         0x00000400         rw !x
*default*        0x00000000         0xffffffff

Linker script and memory map

LOAD c:/winavr-20100110/bin/../lib/gcc/avr/4.3.3/../../../../avr/lib/avrxmega7/crtx128a1.o
LOAD main.o
LOAD utils.o
LOAD uart.o
LOAD handler.o
LOAD twi.o
LOAD ff.o
LOAD mmc.o
LOAD rtc.o
LOAD timer.o
LOAD eeprom_driver.o
LOAD xitoa.o
LOAD c:/winavr-20100110/bin/../lib/gcc/avr/4.3.3/avrxmega7\libgcc.a
LOAD c:/winavr-20100110/bin/../lib/gcc/avr/4.3.3/../../../../avr/lib/avrxmega7\libc.a
LOAD c:/winavr-20100110/bin/../lib/gcc/avr/4.3.3/avrxmega7\libgcc.a

.hash
 *(.hash)

.dynsym
 *(.dynsym)

.dynstr
 *(.dynstr)

.gnu.version
 *(.gnu.version)

.gnu.version_d
 *(.gnu.version_d)

.gnu.version_r
 *(.gnu.version_r)

.rel.init
 *(.rel.init)

.rela.init
 *(.rela.init)

.rel.text
 *(.rel.text)
 *(.rel.text.*)
 *(.rel.gnu.linkonce.t*)

.rela.text
 *(.rela.text)
 *(.rela.text.*)
 *(.rela.gnu.linkonce.t*)

.rel.fini
 *(.rel.fini)

.rela.fini
 *(.rela.fini)

.rel.rodata
 *(.rel.rodata)
 *(.rel.rodata.*)
 *(.rel.gnu.linkonce.r*)

.rela.rodata
 *(.rela.rodata)
 *(.rela.rodata.*)
 *(.rela.gnu.linkonce.r*)

.rel.data
 *(.rel.data)
 *(.rel.data.*)
 *(.rel.gnu.linkonce.d*)

.rela.data
 *(.rela.data)
 *(.rela.data.*)
 *(.rela.gnu.linkonce.d*)

.rel.ctors
 *(.rel.ctors)

.rela.ctors
 *(.rela.ctors)

.rel.dtors
 *(.rel.dtors)

.rela.dtors
 *(.rela.dtors)

.rel.got
 *(.rel.got)

.rela.got
 *(.rela.got)

.rel.bss
 *(.rel.bss)

.rela.bss
 *(.rela.bss)

.rel.plt
 *(.rel.plt)

.rela.plt
 *(.rela.plt)

.text           0x00000000     0xade2
 *(.vectors)
 .vectors       0x00000000      0x1f4 c:/winavr-20100110/bin/../lib/gcc/avr/4.3.3/../../../../avr/lib/avrxmega7/crtx128a1.o
                0x00000000                __vectors
                0x00000000                __vector_default
 *(.vectors)
 *(.progmem.gcc*)
 .progmem.gcc_sw_table
                0x000001f4       0x22 main.o
 .progmem.gcc_sw_table
                0x00000216       0x1e mmc.o
 *(.progmem*)
 .progmem.data  0x00000234      0xef3 main.o
 .progmem.data  0x00001127      0x5cd utils.o
                0x000016f4                . = ALIGN (0x2)
                0x000016f4                __trampolines_start = .
 *(.trampolines)
 .trampolines   0x000016f4        0x0 linker stubs
 *(.trampolines*)
                0x000016f4                __trampolines_end = .
 *(.jumptables)
 *(.jumptables*)
 *(.lowtext)
 *(.lowtext*)
                0x000016f4                __ctors_start = .
 *(.ctors)
                0x000016f4                __ctors_end = .
                0x000016f4                __dtors_start = .
 *(.dtors)
                0x000016f4                __dtors_end = .
 SORT(*)(.ctors)
 SORT(*)(.dtors)
 *(.init0)
 .init0         0x000016f4        0x0 c:/winavr-20100110/bin/../lib/gcc/avr/4.3.3/../../../../avr/lib/avrxmega7/crtx128a1.o
                0x000016f4                __init
 *(.init0)
 *(.init1)
 *(.init1)
 *(.init2)
 .init2         0x000016f4       0x18 c:/winavr-20100110/bin/../lib/gcc/avr/4.3.3/../../../../avr/lib/avrxmega7/crtx128a1.o
 *(.init2)
 *(.init3)
 *(.init3)
 *(.init4)
 .init4         0x0000170c       0x1c c:/winavr-20100110/bin/../lib/gcc/avr/4.3.3/../../../../avr/lib/avrxmega7/crtx128a1.o
                0x0000170c                __do_copy_data
 .init4         0x00001728       0x10 c:/winavr-20100110/bin/../lib/gcc/avr/4.3.3/avrxmega7\libgcc.a(_clear_bss.o)
                0x00001728                __do_clear_bss
 *(.init4)
 *(.init5)
 *(.init5)
 *(.init6)
 *(.init6)
 *(.init7)
 *(.init7)
 *(.init8)
 *(.init8)
 *(.init9)
 .init9         0x00001738        0x8 c:/winavr-20100110/bin/../lib/gcc/avr/4.3.3/../../../../avr/lib/avrxmega7/crtx128a1.o
 *(.init9)
 *(.text)
 .text          0x00001740        0x4 c:/winavr-20100110/bin/../lib/gcc/avr/4.3.3/../../../../avr/lib/avrxmega7/crtx128a1.o
                0x00001740                __vector_38
                0x00001740                __vector_104
                0x00001740                __vector_22
                0x00001740                __vector_63
                0x00001740                __vector_28
                0x00001740                __vector_67
                0x00001740                __vector_1
                0x00001740                __vector_119
                0x00001740                __vector_32
                0x00001740                __vector_75
                0x00001740                __vector_71
                0x00001740                __vector_91
                0x00001740                __vector_34
                0x00001740                __vector_62
                0x00001740                __vector_77
                0x00001740                __vector_102
                0x00001740                __vector_24
                0x00001740                __vector_12
                0x00001740                __vector_55
                0x00001740                __vector_69
                0x00001740                __vector_81
                0x00001740                __vector_90
                0x00001740                __bad_interrupt
                0x00001740                __vector_122
                0x00001740                __vector_72
                0x00001740                __vector_114
                0x00001740                __vector_6
                0x00001740                __vector_110
                0x00001740                __vector_31
                0x00001740                __vector_92
                0x00001740                __vector_35
                0x00001740                __vector_78
                0x00001740                __vector_74
                0x00001740                __vector_117
                0x00001740                __vector_39
                0x00001740                __vector_3
                0x00001740                __vector_105
                0x00001740                __vector_98
                0x00001740                __vector_23
                0x00001740                __vector_68
                0x00001740                __vector_30
                0x00001740                __vector_73
                0x00001740                __vector_45
                0x00001740                __vector_93
                0x00001740                __vector_61
                0x00001740                __vector_11
                0x00001740                __vector_54
                0x00001740                __vector_99
                0x00001740                __vector_17
                0x00001740                __vector_19
                0x00001740                __vector_56
                0x00001740                __vector_7
                0x00001740                __vector_49
                0x00001740                __vector_123
                0x00001740                __vector_41
                0x00001740                __vector_86
                0x00001740                __vector_101
                0x00001740                __vector_64
                0x00001740                __vector_88
                0x00001740                __vector_109
                0x00001740                __vector_43
                0x00001740                __vector_27
                0x00001740                __vector_5
                0x00001740                __vector_113
                0x00001740                __vector_33
                0x00001740                __vector_115
                0x00001740                __vector_52
                0x00001740                __vector_37
                0x00001740                __vector_95
                0x00001740                __vector_103
                0x00001740                __vector_96
                0x00001740                __vector_89
                0x00001740                __vector_4
                0x00001740                __vector_44
                0x00001740                __vector_82
                0x00001740                __vector_106
                0x00001740                __vector_118
                0x00001740                __vector_51
                0x00001740                __vector_9
                0x00001740                __vector_2
                0x00001740                __vector_21
                0x00001740                __vector_15
                0x00001740                __vector_66
                0x00001740                __vector_36
                0x00001740                __vector_79
                0x00001740                __vector_58
                0x00001740                __vector_70
                0x00001740                __vector_83
                0x00001740                __vector_29
                0x00001740                __vector_60
                0x00001740                __vector_121
                0x00001740                __vector_40
                0x00001740                __vector_85
                0x00001740                __vector_94
                0x00001740                __vector_8
                0x00001740                __vector_48
                0x00001740                __vector_124
                0x00001740                __vector_116
                0x00001740                __vector_112
                0x00001740                __vector_111
                0x00001740                __vector_80
                0x00001740                __vector_14
                0x00001740                __vector_84
                0x00001740                __vector_57
                0x00001740                __vector_10
                0x00001740                __vector_50
                0x00001740                __vector_16
                0x00001740                __vector_59
                0x00001740                __vector_18
                0x00001740                __vector_97
                0x00001740                __vector_20
                0x00001740                __vector_42
                0x00001740                __vector_87
                0x00001740                __vector_65
                0x00001740                __vector_120
 .text          0x00001744     0x4478 main.o
                0x00001766                increment_index_x
                0x00001afa                handle_message_length_63
                0x000021d2                fetch_update_funcX
                0x000018be                decrement_index_y
                0x00002006                update_funcCnt_x
                0x00003770                handle_message_length_3
                0x00005a7e                __vector_46
                0x0000351a                i2cMasterSend
                0x00004968                set_pattern
                0x00004c94                handle_message_length_2
                0x00001b2c                dump_mat
                0x00005a14                __vector_107
                0x0000372c                handle_message_length_4
                0x000048a6                benchmark_pattern
                0x00001744                handle_message_length_62
                0x00003f7e                Update_display
                0x00004b86                handle_message_length_5
                0x00004d46                handle_message_length_1
                0x00005b52                __vector_13
                0x000033fe                set_hwConfig
                0x0000192e                __vector_100
                0x0000240e                set_vel_func
                0x00001e66                update_funcCnt_y
                0x000042d2                fetch_display_frame
                0x00005ae8                __vector_76
                0x000035ce                display_dumped_frame
                0x00005508                main
                0x000017d6                increment_index_y
                0x00002d12                set_pos_func_in_EEPROM
                0x00003a0e                loadPattern2Panels
                0x00001a14                set_default_func
                0x0000367a                handle_message_length_9
                0x0000184e                decrement_index_x
                0x00001cce                fetch_update_funcY
                0x00003f76                toggle_trigger
                0x0000288e                set_pos_func
 .text          0x00005bbc     0x191e utils.o
                0x00006210                verifyPage
                0x00006630                eeprom_panel
                0x00005c2c                ledToggle
                0x00005cec                digitalRead
                0x000062ce                readPage
                0x00005e54                analogWrite
                0x00005d52                digitalToggle
                0x000060d6                readEEPage
                0x00005d10                digitalWrite
                0x00005bbc                CCPWrite
                0x00005c80                digitalMode
                0x00007298                init_all
                0x00006c50                flash_panel
                0x00005ea0                test_DIO
                0x00005f58                test_ADC
                0x00005c52                ledBlink
                0x0000601c                verifyEEPage
                0x00006382                progPage
                0x00005be6                ledWrite
                0x00005d74                analogRead
                0x00006186                progEEPage
                0x00005f28                SystemReset
 .text          0x000074da      0x34a uart.o
                0x00007524                uart_get
                0x000075e4                fill_Rx_buffer
                0x000077ec                createRxBuff
                0x000075ba                uart_putstr
                0x000076c8                __vector_25
                0x00007518                uart_test
                0x000077de                releaseRxBuff
                0x000074da                uart_init
                0x000075d6                uart_crlf
                0x00007690                send_Tx_buffer
                0x0000757e                uart_put
                0x00007768                __vector_26
 .text          0x00007824      0x1da handler.o
                0x000079a0                Update_Reg_Handler
                0x00007824                Handler_Init
                0x00007954                Reg_Handler
                0x00007852                __vector_47
 .text          0x000079fe      0x2ec twi.o
                0x00007b10                TWI_MasterArbitrationLostBusErrorHandler
                0x00007a32                TWI_MasterReady
                0x00007a42                TWI_MasterWriteRead
                0x00007c7c                TWI_MasterReleaseBuff
                0x00007af2                TWI_MasterRead
                0x00007b04                TWI_MasterWrite
                0x00007a1e                TWI_MasterState
                0x00007c9c                TWI_MasterCreateBuff
                0x00007bb8                TWI_MasterReadHandler
                0x00007b3a                TWI_MasterWriteHandler
                0x00007c36                TWI_MasterInterruptHandler
                0x000079fe                TWI_MasterInit
 .text          0x00007cea     0x1668 ff.o
                0x000087a2                f_gets
                0x00007e58                get_fat
                0x00007dd2                f_close
                0x00008546                f_read
                0x00007d60                f_mount
                0x00008062                f_lseek
                0x00007cea                clust2sect
                0x00008922                f_open
 .text          0x00009352      0x948 mmc.o
                0x000095e6                disk_initialize
                0x0000979e                disk_status
                0x00009876                disk_ioctl
                0x00009bee                disk_timerproc
                0x000097ac                disk_read
                0x00009c34                __vector_53
 .text          0x00009c9a       0x3a rtc.o
                0x00009cc4                rtc_init
                0x00009c9a                rtc_gettime
                0x00009cca                get_fattime
                0x00009cbe                rtc_settime
 .text          0x00009cd4      0x12c timer.o
                0x00009da2                timer_fine_tic
                0x00009d32                timer_init
                0x00009d58                Wait
                0x00009db0                timer_fine_toc
                0x00009cd4                __vector_108
                0x00009dc0                timer_coarse_tic
                0x00009dea                timer_coarse_toc
 .text          0x00009e00      0x202 eeprom_driver.o
                0x00009e00                EEPROM_ReadByte
                0x00009e4e                EEPROM_WaitForNVM
                0x00009ee0                EEPROM_LoadByte
                0x00009fa2                EEPROM_SplitWritePage
                0x00009f26                EEPROM_AtomicWritePage
                0x00009efe                EEPROM_LoadPage
                0x00009fe0                EEPROM_EraseAll
                0x00009e58                EEPROM_FlushBuffer
                0x00009f64                EEPROM_ErasePage
                0x00009e82                EEPROM_WriteByte
 .text          0x0000a002      0x214 xitoa.o
                0x0000a02e                xitoa
                0x0000a160                xatoi
                0x0000a0a4                xprintf
                0x0000a020                xputs
                0x0000a002                xputc
 .text          0x0000a216        0x0 c:/winavr-20100110/bin/../lib/gcc/avr/4.3.3/avrxmega7\libgcc.a(_mulsi3.o)
 .text          0x0000a216        0x0 c:/winavr-20100110/bin/../lib/gcc/avr/4.3.3/avrxmega7\libgcc.a(_udivmodhi4.o)
 .text          0x0000a216        0x0 c:/winavr-20100110/bin/../lib/gcc/avr/4.3.3/avrxmega7\libgcc.a(_divmodhi4.o)
 .text          0x0000a216        0x0 c:/winavr-20100110/bin/../lib/gcc/avr/4.3.3/avrxmega7\libgcc.a(_udivmodsi4.o)
 .text          0x0000a216        0x0 c:/winavr-20100110/bin/../lib/gcc/avr/4.3.3/avrxmega7\libgcc.a(_divmodsi4.o)
 .text          0x0000a216        0x0 c:/winavr-20100110/bin/../lib/gcc/avr/4.3.3/avrxmega7\libgcc.a(_prologue.o)
 .text          0x0000a216        0x0 c:/winavr-20100110/bin/../lib/gcc/avr/4.3.3/avrxmega7\libgcc.a(_epilogue.o)
 .text          0x0000a216        0x0 c:/winavr-20100110/bin/../lib/gcc/avr/4.3.3/avrxmega7\libgcc.a(_exit.o)
 .text          0x0000a216        0x0 c:/winavr-20100110/bin/../lib/gcc/avr/4.3.3/avrxmega7\libgcc.a(_tablejump.o)
 .text          0x0000a216        0x0 c:/winavr-20100110/bin/../lib/gcc/avr/4.3.3/avrxmega7\libgcc.a(_clear_bss.o)
 .text          0x0000a216        0x0 c:/winavr-20100110/bin/../lib/gcc/avr/4.3.3/../../../../avr/lib/avrxmega7\libc.a(malloc.o)
 .text          0x0000a216        0x0 c:/winavr-20100110/bin/../lib/gcc/avr/4.3.3/../../../../avr/lib/avrxmega7\libc.a(strtoul.o)
 .text          0x0000a216        0x0 c:/winavr-20100110/bin/../lib/gcc/avr/4.3.3/../../../../avr/lib/avrxmega7\libc.a(isspace.o)
 .text          0x0000a216        0x0 c:/winavr-20100110/bin/../lib/gcc/avr/4.3.3/../../../../avr/lib/avrxmega7\libc.a(sprintf.o)
 .text          0x0000a216        0x0 c:/winavr-20100110/bin/../lib/gcc/avr/4.3.3/../../../../avr/lib/avrxmega7\libc.a(vfprintf_std.o)
 .text          0x0000a216        0x0 c:/winavr-20100110/bin/../lib/gcc/avr/4.3.3/../../../../avr/lib/avrxmega7\libc.a(eerd_byte_atxmega128a1.o)
 .text          0x0000a216        0x0 c:/winavr-20100110/bin/../lib/gcc/avr/4.3.3/../../../../avr/lib/avrxmega7\libc.a(eewr_byte_atxmega128a1.o)
 .text          0x0000a216        0x0 c:/winavr-20100110/bin/../lib/gcc/avr/4.3.3/../../../../avr/lib/avrxmega7\libc.a(errno.o)
 .text          0x0000a216        0x0 c:/winavr-20100110/bin/../lib/gcc/avr/4.3.3/../../../../avr/lib/avrxmega7\libc.a(cty_isfalse.o)
 .text          0x0000a216        0x0 c:/winavr-20100110/bin/../lib/gcc/avr/4.3.3/../../../../avr/lib/avrxmega7\libc.a(strnlen_P.o)
 .text          0x0000a216        0x0 c:/winavr-20100110/bin/../lib/gcc/avr/4.3.3/../../../../avr/lib/avrxmega7\libc.a(strnlen.o)
 .text          0x0000a216        0x0 c:/winavr-20100110/bin/../lib/gcc/avr/4.3.3/../../../../avr/lib/avrxmega7\libc.a(fputc.o)
 .text          0x0000a216        0x0 c:/winavr-20100110/bin/../lib/gcc/avr/4.3.3/../../../../avr/lib/avrxmega7\libc.a(ultoa_invert.o)
                0x0000a216                . = ALIGN (0x2)
 *(.text.*)
 .text.libgcc   0x0000a216       0x3e c:/winavr-20100110/bin/../lib/gcc/avr/4.3.3/avrxmega7\libgcc.a(_mulsi3.o)
                0x0000a216                __mulsi3
 .text.libgcc   0x0000a254       0x28 c:/winavr-20100110/bin/../lib/gcc/avr/4.3.3/avrxmega7\libgcc.a(_udivmodhi4.o)
                0x0000a254                __udivmodhi4
 .text.libgcc   0x0000a27c       0x26 c:/winavr-20100110/bin/../lib/gcc/avr/4.3.3/avrxmega7\libgcc.a(_divmodhi4.o)
                0x0000a27c                __divmodhi4
                0x0000a27c                _div
 .text.libgcc   0x0000a2a2       0x44 c:/winavr-20100110/bin/../lib/gcc/avr/4.3.3/avrxmega7\libgcc.a(_udivmodsi4.o)
                0x0000a2a2                __udivmodsi4
 .text.libgcc   0x0000a2e6       0x36 c:/winavr-20100110/bin/../lib/gcc/avr/4.3.3/avrxmega7\libgcc.a(_divmodsi4.o)
                0x0000a2e6                __divmodsi4
 .text.libgcc   0x0000a31c       0x38 c:/winavr-20100110/bin/../lib/gcc/avr/4.3.3/avrxmega7\libgcc.a(_prologue.o)
                0x0000a31c                __prologue_saves__
 .text.libgcc   0x0000a354       0x36 c:/winavr-20100110/bin/../lib/gcc/avr/4.3.3/avrxmega7\libgcc.a(_epilogue.o)
                0x0000a354                __epilogue_restores__
 .text.libgcc   0x0000a38a        0x0 c:/winavr-20100110/bin/../lib/gcc/avr/4.3.3/avrxmega7\libgcc.a(_exit.o)
 .text.libgcc   0x0000a38a        0xc c:/winavr-20100110/bin/../lib/gcc/avr/4.3.3/avrxmega7\libgcc.a(_tablejump.o)
                0x0000a38e                __tablejump__
                0x0000a38a                __tablejump2__
 .text.libgcc   0x0000a396        0x0 c:/winavr-20100110/bin/../lib/gcc/avr/4.3.3/avrxmega7\libgcc.a(_clear_bss.o)
 .text.avr-libc
                0x0000a396      0x20a c:/winavr-20100110/bin/../lib/gcc/avr/4.3.3/../../../../avr/lib/avrxmega7\libc.a(malloc.o)
                0x0000a396                malloc
                0x0000a4f0                free
 .text.avr-libc
                0x0000a5a0      0x22c c:/winavr-20100110/bin/../lib/gcc/avr/4.3.3/../../../../avr/lib/avrxmega7\libc.a(strtoul.o)
                0x0000a5a0                strtoul
 .text.avr-libc
                0x0000a7cc       0x10 c:/winavr-20100110/bin/../lib/gcc/avr/4.3.3/../../../../avr/lib/avrxmega7\libc.a(isspace.o)
                0x0000a7cc                isspace
 .text.avr-libc
                0x0000a7dc       0x56 c:/winavr-20100110/bin/../lib/gcc/avr/4.3.3/../../../../avr/lib/avrxmega7\libc.a(sprintf.o)
                0x0000a7dc                sprintf
 .text.avr-libc
                0x0000a832      0x400 c:/winavr-20100110/bin/../lib/gcc/avr/4.3.3/../../../../avr/lib/avrxmega7\libc.a(vfprintf_std.o)
                0x0000a832                vfprintf
 .text.avr-libc
                0x0000ac32       0x20 c:/winavr-20100110/bin/../lib/gcc/avr/4.3.3/../../../../avr/lib/avrxmega7\libc.a(eerd_byte_atxmega128a1.o)
                0x0000ac32                __eerd_byte_x128a1
                0x0000ac3a                eeprom_mapen
 .text.avr-libc
                0x0000ac52       0x46 c:/winavr-20100110/bin/../lib/gcc/avr/4.3.3/../../../../avr/lib/avrxmega7\libc.a(eewr_byte_atxmega128a1.o)
                0x0000ac52                __eewr_byte_x128a1
                0x0000ac54                __eewr_r18_x128a1
 .text.avr-libc
                0x0000ac98        0x6 c:/winavr-20100110/bin/../lib/gcc/avr/4.3.3/../../../../avr/lib/avrxmega7\libc.a(cty_isfalse.o)
                0x0000ac9c                __ctype_istrue
                0x0000ac98                __ctype_isfalse
 .text.avr-libc
                0x0000ac9e       0x16 c:/winavr-20100110/bin/../lib/gcc/avr/4.3.3/../../../../avr/lib/avrxmega7\libc.a(strnlen_P.o)
                0x0000ac9e                strnlen_P
 .text.avr-libc
                0x0000acb4       0x16 c:/winavr-20100110/bin/../lib/gcc/avr/4.3.3/../../../../avr/lib/avrxmega7\libc.a(strnlen.o)
                0x0000acb4                strnlen
 .text.avr-libc
                0x0000acca       0x58 c:/winavr-20100110/bin/../lib/gcc/avr/4.3.3/../../../../avr/lib/avrxmega7\libc.a(fputc.o)
                0x0000acca                fputc
 .text.avr-libc
                0x0000ad22       0xbc c:/winavr-20100110/bin/../lib/gcc/avr/4.3.3/../../../../avr/lib/avrxmega7\libc.a(ultoa_invert.o)
                0x0000ad22                __ultoa_invert
                0x0000adde                . = ALIGN (0x2)
 *(.fini9)
 .fini9         0x0000adde        0x0 c:/winavr-20100110/bin/../lib/gcc/avr/4.3.3/avrxmega7\libgcc.a(_exit.o)
                0x0000adde                exit
                0x0000adde                _exit
 *(.fini9)
 *(.fini8)
 *(.fini8)
 *(.fini7)
 *(.fini7)
 *(.fini6)
 *(.fini6)
 *(.fini5)
 *(.fini5)
 *(.fini4)
 *(.fini4)
 *(.fini3)
 *(.fini3)
 *(.fini2)
 *(.fini2)
 *(.fini1)
 *(.fini1)
 *(.fini0)
 .fini0         0x0000adde        0x4 c:/winavr-20100110/bin/../lib/gcc/avr/4.3.3/avrxmega7\libgcc.a(_exit.o)
 *(.fini0)
                0x0000ade2                _etext = .

.data           0x00802000      0x3fa load address 0x0000ade2
                0x00802000                PROVIDE (__data_start, .)
 *(.data)
 .data          0x00802000        0x0 c:/winavr-20100110/bin/../lib/gcc/avr/4.3.3/../../../../avr/lib/avrxmega7/crtx128a1.o
 .data          0x00802000      0x3ce main.o
                0x0080209f                resolution_y
                0x008020a9                funcSize_x
                0x008020a1                default_func_x
                0x008020b1                num_buffer_load_x
                0x008020a3                functionX_rate
                0x008020ad                funcSize_y
                0x008020a2                default_func_y
                0x0080209d                resolution_x
                0x008020b3                num_buffer_load_y
                0x0080209c                Stop
                0x008020a5                functionY_rate
                0x008020a7                trigger_rate
 .data          0x008023ce       0x16 utils.o
 .data          0x008023e4        0x0 uart.o
 .data          0x008023e4        0x0 handler.o
 .data          0x008023e4        0x0 twi.o
 .data          0x008023e4        0xf ff.o
 .data          0x008023f3        0x1 mmc.o
 .data          0x008023f4        0x0 rtc.o
 .data          0x008023f4        0x0 timer.o
 .data          0x008023f4        0x0 eeprom_driver.o
 .data          0x008023f4        0x0 xitoa.o
 .data          0x008023f4        0x0 c:/winavr-20100110/bin/../lib/gcc/avr/4.3.3/avrxmega7\libgcc.a(_mulsi3.o)
 .data          0x008023f4        0x0 c:/winavr-20100110/bin/../lib/gcc/avr/4.3.3/avrxmega7\libgcc.a(_udivmodhi4.o)
 .data          0x008023f4        0x0 c:/winavr-20100110/bin/../lib/gcc/avr/4.3.3/avrxmega7\libgcc.a(_divmodhi4.o)
 .data          0x008023f4        0x0 c:/winavr-20100110/bin/../lib/gcc/avr/4.3.3/avrxmega7\libgcc.a(_udivmodsi4.o)
 .data          0x008023f4        0x0 c:/winavr-20100110/bin/../lib/gcc/avr/4.3.3/avrxmega7\libgcc.a(_divmodsi4.o)
 .data          0x008023f4        0x0 c:/winavr-20100110/bin/../lib/gcc/avr/4.3.3/avrxmega7\libgcc.a(_prologue.o)
 .data          0x008023f4        0x0 c:/winavr-20100110/bin/../lib/gcc/avr/4.3.3/avrxmega7\libgcc.a(_epilogue.o)
 .data          0x008023f4        0x0 c:/winavr-20100110/bin/../lib/gcc/avr/4.3.3/avrxmega7\libgcc.a(_exit.o)
 .data          0x008023f4        0x0 c:/winavr-20100110/bin/../lib/gcc/avr/4.3.3/avrxmega7\libgcc.a(_tablejump.o)
 .data          0x008023f4        0x0 c:/winavr-20100110/bin/../lib/gcc/avr/4.3.3/avrxmega7\libgcc.a(_clear_bss.o)
 .data          0x008023f4        0x6 c:/winavr-20100110/bin/../lib/gcc/avr/4.3.3/../../../../avr/lib/avrxmega7\libc.a(malloc.o)
                0x008023f6                __malloc_heap_start
                0x008023f8                __malloc_heap_end
                0x008023f4                __malloc_margin
 .data          0x008023fa        0x0 c:/winavr-20100110/bin/../lib/gcc/avr/4.3.3/../../../../avr/lib/avrxmega7\libc.a(strtoul.o)
 .data          0x008023fa        0x0 c:/winavr-20100110/bin/../lib/gcc/avr/4.3.3/../../../../avr/lib/avrxmega7\libc.a(isspace.o)
 .data          0x008023fa        0x0 c:/winavr-20100110/bin/../lib/gcc/avr/4.3.3/../../../../avr/lib/avrxmega7\libc.a(sprintf.o)
 .data          0x008023fa        0x0 c:/winavr-20100110/bin/../lib/gcc/avr/4.3.3/../../../../avr/lib/avrxmega7\libc.a(vfprintf_std.o)
 .data          0x008023fa        0x0 c:/winavr-20100110/bin/../lib/gcc/avr/4.3.3/../../../../avr/lib/avrxmega7\libc.a(eerd_byte_atxmega128a1.o)
 .data          0x008023fa        0x0 c:/winavr-20100110/bin/../lib/gcc/avr/4.3.3/../../../../avr/lib/avrxmega7\libc.a(eewr_byte_atxmega128a1.o)
 .data          0x008023fa        0x0 c:/winavr-20100110/bin/../lib/gcc/avr/4.3.3/../../../../avr/lib/avrxmega7\libc.a(errno.o)
 .data          0x008023fa        0x0 c:/winavr-20100110/bin/../lib/gcc/avr/4.3.3/../../../../avr/lib/avrxmega7\libc.a(cty_isfalse.o)
 .data          0x008023fa        0x0 c:/winavr-20100110/bin/../lib/gcc/avr/4.3.3/../../../../avr/lib/avrxmega7\libc.a(strnlen_P.o)
 .data          0x008023fa        0x0 c:/winavr-20100110/bin/../lib/gcc/avr/4.3.3/../../../../avr/lib/avrxmega7\libc.a(strnlen.o)
 .data          0x008023fa        0x0 c:/winavr-20100110/bin/../lib/gcc/avr/4.3.3/../../../../avr/lib/avrxmega7\libc.a(fputc.o)
 .data          0x008023fa        0x0 c:/winavr-20100110/bin/../lib/gcc/avr/4.3.3/../../../../avr/lib/avrxmega7\libc.a(ultoa_invert.o)
 *(.data*)
 *(.rodata)
 *(.rodata*)
 *(.gnu.linkonce.d*)
                0x008023fa                . = ALIGN (0x2)
                0x008023fa                _edata = .
                0x008023fa                PROVIDE (__data_end, .)

.bss            0x008023fa      0x70f
                0x008023fa                PROVIDE (__bss_start, .)
 *(.bss)
 .bss           0x008023fa        0x0 c:/winavr-20100110/bin/../lib/gcc/avr/4.3.3/../../../../avr/lib/avrxmega7/crtx128a1.o
 .bss           0x008023fa       0x46 main.o
                0x00802410                last_load_x
                0x00802401                frame_num
                0x00802408                func_buffer_size_y
                0x00802405                func_write_index_x
                0x008023fe                usePreloadedPattern
                0x00802403                func_read_index_x
                0x0080240e                func_ID_Y
                0x0080240b                quiet_mode_on
                0x008023ff                func_is_in_EEPROM
                0x00802407                func_buffer_size_x
                0x008023fb                x_gt_y
                0x00802406                func_write_index_y
                0x008023fc                Laser_active
                0x00802400                num_panels
                0x008023fd                FSMutex
                0x00802409                next_block_x
                0x00802404                func_read_index_y
                0x00802412                last_load_y
                0x0080240c                func_ID_X
                0x0080240a                next_block_y
                0x008023fa                display_flag
 .bss           0x00802440        0x0 utils.o
 .bss           0x00802440       0x4d uart.o
 .bss           0x0080248d        0x0 handler.o
 .bss           0x0080248d        0x0 twi.o
 .bss           0x0080248d        0x4 ff.o
 .bss           0x00802491        0x3 mmc.o
 .bss           0x00802494        0x0 rtc.o
 .bss           0x00802494        0x4 timer.o
                0x00802494                ticks
 .bss           0x00802498        0x0 eeprom_driver.o
 .bss           0x00802498        0x2 xitoa.o
                0x00802498                xfunc_out
 .bss           0x0080249a        0x0 c:/winavr-20100110/bin/../lib/gcc/avr/4.3.3/avrxmega7\libgcc.a(_mulsi3.o)
 .bss           0x0080249a        0x0 c:/winavr-20100110/bin/../lib/gcc/avr/4.3.3/avrxmega7\libgcc.a(_udivmodhi4.o)
 .bss           0x0080249a        0x0 c:/winavr-20100110/bin/../lib/gcc/avr/4.3.3/avrxmega7\libgcc.a(_divmodhi4.o)
 .bss           0x0080249a        0x0 c:/winavr-20100110/bin/../lib/gcc/avr/4.3.3/avrxmega7\libgcc.a(_udivmodsi4.o)
 .bss           0x0080249a        0x0 c:/winavr-20100110/bin/../lib/gcc/avr/4.3.3/avrxmega7\libgcc.a(_divmodsi4.o)
 .bss           0x0080249a        0x0 c:/winavr-20100110/bin/../lib/gcc/avr/4.3.3/avrxmega7\libgcc.a(_prologue.o)
 .bss           0x0080249a        0x0 c:/winavr-20100110/bin/../lib/gcc/avr/4.3.3/avrxmega7\libgcc.a(_epilogue.o)
 .bss           0x0080249a        0x0 c:/winavr-20100110/bin/../lib/gcc/avr/4.3.3/avrxmega7\libgcc.a(_exit.o)
 .bss           0x0080249a        0x0 c:/winavr-20100110/bin/../lib/gcc/avr/4.3.3/avrxmega7\libgcc.a(_tablejump.o)
 .bss           0x0080249a        0x0 c:/winavr-20100110/bin/../lib/gcc/avr/4.3.3/avrxmega7\libgcc.a(_clear_bss.o)
 .bss           0x0080249a        0x0 c:/winavr-20100110/bin/../lib/gcc/avr/4.3.3/../../../../avr/lib/avrxmega7\libc.a(malloc.o)
 .bss           0x0080249a        0x0 c:/winavr-20100110/bin/../lib/gcc/avr/4.3.3/../../../../avr/lib/avrxmega7\libc.a(strtoul.o)
 .bss           0x0080249a        0x0 c:/winavr-20100110/bin/../lib/gcc/avr/4.3.3/../../../../avr/lib/avrxmega7\libc.a(isspace.o)
 .bss           0x0080249a        0x0 c:/winavr-20100110/bin/../lib/gcc/avr/4.3.3/../../../../avr/lib/avrxmega7\libc.a(sprintf.o)
 .bss           0x0080249a        0x0 c:/winavr-20100110/bin/../lib/gcc/avr/4.3.3/../../../../avr/lib/avrxmega7\libc.a(vfprintf_std.o)
 .bss           0x0080249a        0x0 c:/winavr-20100110/bin/../lib/gcc/avr/4.3.3/../../../../avr/lib/avrxmega7\libc.a(eerd_byte_atxmega128a1.o)
 .bss           0x0080249a        0x0 c:/winavr-20100110/bin/../lib/gcc/avr/4.3.3/../../../../avr/lib/avrxmega7\libc.a(eewr_byte_atxmega128a1.o)
 .bss           0x0080249a        0x0 c:/winavr-20100110/bin/../lib/gcc/avr/4.3.3/../../../../avr/lib/avrxmega7\libc.a(errno.o)
 .bss           0x0080249a        0x0 c:/winavr-20100110/bin/../lib/gcc/avr/4.3.3/../../../../avr/lib/avrxmega7\libc.a(cty_isfalse.o)
 .bss           0x0080249a        0x0 c:/winavr-20100110/bin/../lib/gcc/avr/4.3.3/../../../../avr/lib/avrxmega7\libc.a(strnlen_P.o)
 .bss           0x0080249a        0x0 c:/winavr-20100110/bin/../lib/gcc/avr/4.3.3/../../../../avr/lib/avrxmega7\libc.a(strnlen.o)
 .bss           0x0080249a        0x0 c:/winavr-20100110/bin/../lib/gcc/avr/4.3.3/../../../../avr/lib/avrxmega7\libc.a(fputc.o)
 .bss           0x0080249a        0x0 c:/winavr-20100110/bin/../lib/gcc/avr/4.3.3/../../../../avr/lib/avrxmega7\libc.a(ultoa_invert.o)
 *(.bss*)
 *(COMMON)
 COMMON         0x0080249a      0x627 main.o
                0x0080249a                file2
                0x008024b4                bias_x
                0x008024b6                twi4
                0x008024c5                y_num
                0x008024c7                row_compress
                0x008024c8                function_Y
                0x00802590                Y_pos_index
                0x00802592                twi1
                0x008025a1                laserPattern
                0x0080261e                X_pos_index
                0x00802620                file3
                0x0080263a                twi3
                0x00802649                gs_value
                0x0080264a                chMap
                0x008026cb                x_mode
                0x008026cc                bytes_per_panel_frame
                0x008026cd                index_x
                0x008026cf                gain_y
                0x008026d1                start_block
                0x008026d5                file5
                0x008026ef                file6
                0x00802709                y_mode
                0x0080270a                gain_x
                0x0080270c                file4
                0x00802726                x_num
                0x00802728                function_X
                0x008027f0                adrMap
                0x00802871                index_y
                0x00802873                file1
                0x0080288d                twi2
                0x0080289c                ident_compress
                0x0080289d                fatfs
                0x00802abf                bias_y
 COMMON         0x00802ac1       0x42 handler.o
                0x00802ac1                p_handler_func
                0x00802acd                mask
                0x00802ad3                start_count
                0x00802aeb                count
 COMMON         0x00802b03        0x4 c:/winavr-20100110/bin/../lib/gcc/avr/4.3.3/../../../../avr/lib/avrxmega7\libc.a(malloc.o)
                0x00802b03                __brkval
                0x00802b05                __flp
 COMMON         0x00802b07        0x2 c:/winavr-20100110/bin/../lib/gcc/avr/4.3.3/../../../../avr/lib/avrxmega7\libc.a(errno.o)
                0x00802b07                errno
                0x00802b09                PROVIDE (__bss_end, .)
                0x0000ade2                __data_load_start = LOADADDR (.data)
                0x0000b1dc                __data_load_end = (__data_load_start + SIZEOF (.data))

.noinit         0x00802b09        0x0
                0x00802b09                PROVIDE (__noinit_start, .)
 *(.noinit*)
                0x00802b09                PROVIDE (__noinit_end, .)
                0x00802b09                _end = .
                0x00802b09                PROVIDE (__heap_start, .)

.eeprom         0x00810000      0x46a
 *(.eeprom*)
 .eeprom        0x00810000      0x46a main.o
                0x00810000                work_mode
                0x00810082                fun_x_EEPROM
                0x00810001                arena_config
                0x0081046a                __eeprom_end = .

.fuse
 *(.fuse)
 *(.lfuse)
 *(.hfuse)
 *(.efuse)

.lock
 *(.lock*)

.signature
 *(.signature*)

.stab           0x00000000      0xd08
 *(.stab)
 .stab          0x00000000      0xd08 xitoa.o

.stabstr        0x00000000       0x70
 *(.stabstr)
 .stabstr       0x00000000       0x70 xitoa.o

.stab.excl
 *(.stab.excl)

.stab.exclstr
 *(.stab.exclstr)

.stab.index
 *(.stab.index)

.stab.indexstr
 *(.stab.indexstr)

.comment
 *(.comment)

.debug
 *(.debug)

.line
 *(.line)

.debug_srcinfo
 *(.debug_srcinfo)

.debug_sfnames
 *(.debug_sfnames)

.debug_aranges  0x00000000      0x140
 *(.debug_aranges)
 .debug_aranges
                0x00000000       0x20 main.o
 .debug_aranges
                0x00000020       0x20 utils.o
 .debug_aranges
                0x00000040       0x20 uart.o
 .debug_aranges
                0x00000060       0x20 handler.o
 .debug_aranges
                0x00000080       0x20 twi.o
 .debug_aranges
                0x000000a0       0x20 ff.o
 .debug_aranges
                0x000000c0       0x20 mmc.o
 .debug_aranges
                0x000000e0       0x20 rtc.o
 .debug_aranges
                0x00000100       0x20 timer.o
 .debug_aranges
                0x00000120       0x20 eeprom_driver.o

.debug_pubnames
                0x00000000      0xe1e
 *(.debug_pubnames)
 .debug_pubnames
                0x00000000      0x72a main.o
 .debug_pubnames
                0x0000072a      0x19b utils.o
 .debug_pubnames
                0x000008c5       0xcf uart.o
 .debug_pubnames
                0x00000994       0x90 handler.o
 .debug_pubnames
                0x00000a24      0x140 twi.o
 .debug_pubnames
                0x00000b64       0x72 ff.o
 .debug_pubnames
                0x00000bd6       0x76 mmc.o
 .debug_pubnames
                0x00000c4c       0x4f rtc.o
 .debug_pubnames
                0x00000c9b       0x95 timer.o
 .debug_pubnames
                0x00000d30       0xee eeprom_driver.o

.debug_info     0x00000000     0x8e39
 *(.debug_info)
 .debug_info    0x00000000     0x2bb5 main.o
 .debug_info    0x00002bb5     0x20b6 utils.o
 .debug_info    0x00004c6b      0x488 uart.o
 .debug_info    0x000050f3      0x7c7 handler.o
 .debug_info    0x000058ba      0x713 twi.o
 .debug_info    0x00005fcd     0x10c3 ff.o
 .debug_info    0x00007090      0x9db mmc.o
 .debug_info    0x00007a6b      0x1fc rtc.o
 .debug_info    0x00007c67      0xbfd timer.o
 .debug_info    0x00008864      0x5d5 eeprom_driver.o
 *(.gnu.linkonce.wi.*)

.debug_abbrev   0x00000000     0x1570
 *(.debug_abbrev)
 .debug_abbrev  0x00000000      0x372 main.o
 .debug_abbrev  0x00000372      0x41c utils.o
 .debug_abbrev  0x0000078e      0x1a2 uart.o
 .debug_abbrev  0x00000930      0x134 handler.o
 .debug_abbrev  0x00000a64      0x1c2 twi.o
 .debug_abbrev  0x00000c26      0x250 ff.o
 .debug_abbrev  0x00000e76      0x2a2 mmc.o
 .debug_abbrev  0x00001118      0x13e rtc.o
 .debug_abbrev  0x00001256      0x12a timer.o
 .debug_abbrev  0x00001380      0x1f0 eeprom_driver.o

.debug_line     0x00000000     0x589d
 *(.debug_line)
 .debug_line    0x00000000     0x237a main.o
 .debug_line    0x0000237a     0x12a8 utils.o
 .debug_line    0x00003622      0x3f4 uart.o
 .debug_line    0x00003a16      0x1b7 handler.o
 .debug_line    0x00003bcd      0x3f9 twi.o
 .debug_line    0x00003fc6      0xacd ff.o
 .debug_line    0x00004a93      0x815 mmc.o
 .debug_line    0x000052a8       0xcd rtc.o
 .debug_line    0x00005375      0x1b5 timer.o
 .debug_line    0x0000552a      0x373 eeprom_driver.o

.debug_frame    0x00000000      0x8d0
 *(.debug_frame)
 .debug_frame   0x00000000      0x250 main.o
 .debug_frame   0x00000250      0x190 utils.o
 .debug_frame   0x000003e0       0xd0 uart.o
 .debug_frame   0x000004b0       0x50 handler.o
 .debug_frame   0x00000500       0xd0 twi.o
 .debug_frame   0x000005d0       0xd0 ff.o
 .debug_frame   0x000006a0       0xb0 mmc.o
 .debug_frame   0x00000750       0x50 rtc.o
 .debug_frame   0x000007a0       0x80 timer.o
 .debug_frame   0x00000820       0xb0 eeprom_driver.o

.debug_str      0x00000000     0x1f79
 *(.debug_str)
 .debug_str     0x00000000      0xddd main.o
                                0xea0 (size before relaxing)
 .debug_str     0x00000ddd      0x61e utils.o
                                0xb5a (size before relaxing)
 .debug_str     0x000013fb      0x101 uart.o
                                0x239 (size before relaxing)
 .debug_str     0x000014fc       0xb2 handler.o
                                0x3e4 (size before relaxing)
 .debug_str     0x000015ae      0x29b twi.o
                                0x5b1 (size before relaxing)
 .debug_str     0x00001849      0x152 ff.o
                                0x3f9 (size before relaxing)
 .debug_str     0x0000199b       0xe5 mmc.o
                                0x2fb (size before relaxing)
 .debug_str     0x00001a80       0x63 rtc.o
                                0x13a (size before relaxing)
 .debug_str     0x00001ae3       0x71 timer.o
                                0x428 (size before relaxing)
 .debug_str     0x00001b54      0x425 eeprom_driver.o
                                0x533 (size before relaxing)

.debug_loc      0x00000000     0x543a
 *(.debug_loc)
 .debug_loc     0x00000000     0x1ea4 main.o
 .debug_loc     0x00001ea4      0xdf6 utils.o
 .debug_loc     0x00002c9a      0x281 uart.o
 .debug_loc     0x00002f1b       0x7f handler.o
 .debug_loc     0x00002f9a      0x377 twi.o
 .debug_loc     0x00003311     0x1963 ff.o
 .debug_loc     0x00004c74      0x531 mmc.o
 .debug_loc     0x000051a5       0x40 rtc.o
 .debug_loc     0x000051e5       0x6a timer.o
 .debug_loc     0x0000524f      0x1eb eeprom_driver.o

.debug_macinfo
 *(.debug_macinfo)
OUTPUT(panelcontroller.elf elf32-avr)
LOAD linker stubs

.debug_ranges   0x00000000      0x320
 .debug_ranges  0x00000000       0xb0 main.o
 .debug_ranges  0x000000b0      0x180 utils.o
 .debug_ranges  0x00000230       0xc0 ff.o
 .debug_ranges  0x000002f0       0x30 mmc.o
